   262.700       121.835      0.586498      0.126765      0.285832       1.66330       56.3665      0.312330       8.48219      0.101702      5.513858E-02  4.910989E-02
  0.194171      0.150733      0.502336       2.13613       13.5515       8.55749       13.3313       34.4114    
   260.739       121.939      0.586574      0.127085      0.288164       1.65684       54.9795      0.310230       8.33104      0.101421      5.496410E-02  4.894143E-02
  0.194980      0.150269      0.501519       2.11587       13.3715       8.44775       13.1603       34.3730    
   228.653       121.715      0.575098      0.134399      0.335594       1.58755       32.8912      0.332381       5.75279      9.635489E-02  5.108890E-02  4.592146E-02
  0.212662      0.147973      0.500900       1.85325       10.4263       6.63173       10.3309       35.0316    
   214.470       119.084      0.555065      0.139928      0.363882       1.59571       24.2972      0.396715       4.55844      9.386197E-02  4.844040E-02  4.459772E-02
  0.222854      0.150732      0.515311       1.82645       9.21972       5.87481       9.15130       36.3305    
   198.891       111.945      0.512925      0.149126      0.399446       1.64979       17.2906      0.527693       3.30730      9.137756E-02  4.466593E-02  4.386165E-02
  0.233236      0.155992      0.551417       1.97515       8.22529       5.25751       8.18900       38.3416    
   182.494       98.4271      0.450177      0.163266      0.434222       1.73901       13.7528      0.720674       2.20782      9.067057E-02  4.060552E-02  4.552900E-02
  0.238612      0.161554      0.611399       2.47027       7.90121       5.11448       7.96378       39.9612    
   157.490       71.0488      0.368503      0.194823      0.471387       1.84483       12.6608       1.07315      0.945346      9.979275E-02  3.845490E-02  5.726343E-02
  0.235926      0.168896      0.716699       3.61558       8.92793       6.03194       9.38105       39.6090    
   134.072       46.4523      0.355558      0.207241      0.488887       1.89784       12.5504       1.63187      0.312828      0.140131      4.925577E-02  8.830862E-02
  0.238824      0.173040      0.764064       4.58891       9.11420       6.25290       9.70311       39.0624    
   215.321       1.71119      0.811295      4.548446E-02  0.570361       1.92295       75.0786       4.63835       3.80647      0.328056      8.294052E-02  0.149153    
  0.627881      0.565307      0.387492       30.4921       4.55788       1.63415       2.55887       85.3520    
   130.013       43.2568      0.359702      0.202568      0.488434       1.89933       12.4219       1.76450      0.371100      0.152153      5.294332E-02  9.564700E-02
  0.241635      0.172668      0.754174       4.65462       8.76660       5.98903       9.28982       39.0797    
   213.786      4.172143E-02  0.910714      8.704315E-02  0.471453       1.70248       92.1954       4.64678       3.80623      0.501980      8.385514E-02  0.134823    
  0.812385      0.815115      0.377114       31.7350       4.11294       1.38575       2.17500       67.7898    
   213.547      4.205113E-02  0.909170      8.619121E-02  0.473056       1.69525       91.7289       4.64678       3.80623      0.498150      8.371227E-02  0.134817    
  0.809931      0.811712      0.376030       31.7360       4.11027       1.38367       2.17155       68.0432    
   212.483      4.495405E-02  0.901839      8.214806E-02  0.480551       1.67204       89.5801       4.64678       3.80623      0.480644      8.308467E-02  0.134850    
  0.797737      0.794750      0.371343       31.7320       4.10045       1.37892       2.16368       69.2306    
   211.586      0.144807      0.873744      6.635338E-02  0.510683       1.68189       83.5615       4.64678       3.80623      0.420842      8.175232E-02  0.136571    
  0.740133      0.714410      0.357362       31.9796       4.07200       1.39533       2.18632       74.2098    
   211.509      0.368281      0.855920      5.597566E-02  0.532110       1.73807       79.4125       4.64678       3.80623      0.386641      8.234037E-02  0.140017    
  0.684954      0.642547      0.352221       32.7820       3.99049       1.43508       2.24329       77.3539    
   211.701      0.570524      0.845363      5.064574E-02  0.544632       1.77780       76.6988       4.64678       3.80623      0.369438      8.369441E-02  0.143512    
  0.644527      0.592234      0.351163       33.8433       3.93318       1.49300       2.32882       78.9777    
   211.907      0.755293      0.837339      4.788535E-02  0.552407       1.80354       74.7725       4.64678       3.80623      0.359449      8.510466E-02  0.146702    
  0.615580      0.557090      0.351497       34.8200       3.92062       1.56072       2.43052       79.8380    
   211.919      0.995905      0.828330      4.647236E-02  0.557233       1.82008       73.1218       4.64678       3.80623      0.352226      8.661739E-02  0.149928    
  0.594648      0.532221      0.352751       35.6897       3.93623       1.62467       2.52773       80.2498    
   98.4241       15.0532      0.492905      0.139547      0.471380       1.82371       11.6919       3.14819       2.62884      0.330488      0.113078      0.192224    
  0.285941      0.187937      0.589087       6.07058       6.09253       3.98919       6.16804       38.9554    
           NaN           NaN           NaN           NaN           NaN           NaN           NaN           NaN           NaN           NaN           NaN           NaN
           NaN           NaN           NaN           NaN           NaN           NaN           NaN           NaN
   209.163      0.191233      0.866110      5.896100E-02  0.513022       1.67693       78.1076       4.64678       3.80623      0.418037      8.768964E-02  0.143499    
  0.659959      0.621812      0.331237       37.1203       3.59760       1.47290       2.28738       72.5554    
   211.586       1.11667      0.823971      4.642922E-02  0.556738       1.81737       72.3221       4.64618       3.80623      0.352459      8.768442E-02  0.151736    
  0.588371      0.525354      0.351061       36.2216       3.94526       1.65505       2.57395       79.9976    
   211.572       1.12361      0.823756      4.642588E-02  0.556761       1.81753       72.2970       4.64610       3.80623      0.352405      8.771171E-02  0.151798    
  0.588264      0.525222      0.351150       36.2235       3.94665       1.65557       2.57480       79.9977    
   211.422       1.18385      0.821946      4.640850E-02  0.556874       1.81872       72.0759       4.64512       3.80625      0.352013      8.793108E-02  0.152278    
  0.587530      0.524297      0.351888       36.2212       3.95941       1.65966       2.58145       79.9893    
   98.3510       14.9268      0.494145      0.139358      0.471356       1.82341       11.7292       3.15399       2.63728      0.331383      0.113363      0.192602    
  0.286228      0.188083      0.588287       6.11274       6.07798       3.97869       6.15176       38.9545    
   96.9085       13.2099      0.510321      0.131978      0.466426       1.80731       12.1298       3.22134       2.73534      0.344786      0.116766      0.195925    
  0.291878      0.190714      0.562278       6.60988       5.77159       3.73192       5.76938       39.1109    
   214.624      0.461984      0.845678      5.559695E-02  0.516276       1.69447       74.1468       4.64675       3.80623      0.403331      9.204541E-02  0.149929    
  0.602525      0.556665      0.310821       39.2104       3.79478       1.62772       2.52491       79.1775    
   96.5909       12.8514      0.513845      0.130351      0.465458       1.80419       12.1996       3.23425       2.75121      0.347377      0.117389      0.196461    
  0.292905      0.191181      0.557356       6.67872       5.71224       3.68485       5.69649       39.1657    
   96.2132       12.4405      0.517878      0.128561      0.464394       1.80076       12.2657       3.24824       2.76712      0.350198      0.118051      0.196991    
  0.293988      0.191654      0.552050       6.74372       5.64693       3.63325       5.61649       39.2367    
   213.466      0.859522      0.830498      5.164953E-02  0.531389       1.73820       72.2616       4.64392       3.80628      0.380534      9.042233E-02  0.151269    
  0.596683      0.543760      0.320486       38.0379       3.93122       1.64475       2.55586       80.4906    
   213.417      0.872335      0.830085      5.157966E-02  0.531623       1.73907       72.2038       4.64364       3.80629      0.380135      9.041393E-02  0.151324    
  0.596557      0.543488      0.320758       38.0166       3.93521       1.64542       2.55700       80.5016    
   213.113      0.942688      0.827869      5.122821E-02  0.532693       1.74334       71.8767       4.64180       3.80635      0.378182      9.039062E-02  0.151614    
  0.595948      0.542150      0.322148       37.8964       3.95893       1.64860       2.56264       80.5430    
   198.838       1.58651      0.807403      4.517255E-02  0.521613       1.76388       64.6697       4.53463       3.80128      0.370322      9.088792E-02  0.152307    
  0.584838      0.515159      0.323513       31.1992       4.21661       1.61269       2.51764       79.5249    
   111.478       3.27392      0.655734      7.492165E-02  0.459235       1.79610       22.8928       3.65592       2.85447      0.385353      0.112698      0.177929    
  0.355040      0.242523      0.427608       10.1804       5.24712       2.71315       4.20522       51.7684    
   92.1865       5.62435      0.590886      0.105909      0.453189       1.76189       13.9843       3.43714       2.81226      0.382367      0.122062      0.194687    
  0.308138      0.197571      0.486294       7.33666       4.92585       2.98175       4.60991       41.8713    
   96.0312       13.1360      0.507711      0.128254      0.459307       1.78475       11.8093       3.20099       2.72481      0.347647      0.116870      0.194581    
  0.293100      0.191123      0.542067       6.55568       5.72524       3.67876       5.68706       38.9480    
   91.9708       7.52950      0.565598      0.113352      0.453904       1.76633       12.8648       3.36984       2.82741      0.375460      0.122470      0.197736    
  0.302567      0.194499      0.502522       7.27128       5.06083       3.15262       4.87273       40.4273    
   90.5335       6.66803      0.571710      0.108836      0.442990       1.73138       12.7363       3.36011       2.80347      0.384860      0.124021      0.196832    
  0.303277      0.194489      0.473840       7.33635       5.03956       3.12313       4.82705       40.1073    
           NaN           NaN           NaN           NaN           NaN           NaN           NaN           NaN           NaN           NaN           NaN           NaN
           NaN           NaN           NaN           NaN           NaN           NaN           NaN           NaN
   89.1256       5.91489      0.576334      0.104131      0.428462       1.69012       12.7540       3.33530       2.76721      0.397104      0.126326      0.196276    
  0.302817      0.193766      0.441864       7.42353       5.06451       3.12999       4.83758       39.4414    
   120.566       2.53918      0.634044      6.992288E-02  0.260408       1.74987       41.5103       2.83264       2.71477      0.593350      0.182472      0.219994    
  0.240386      0.154792      0.303053       12.3872       9.71563       6.18246       9.56315       28.7126    
   88.1409       4.56543      0.586433      9.456160E-02  0.380693       1.59597       15.1340       3.20853       2.65850      0.440394      0.136619      0.198711    
  0.292784      0.186332      0.370474       7.93923       5.50354       3.44311       5.32052       36.0851    
   87.5056       5.36272      0.577975      9.811401E-02  0.406163       1.63963       13.2345       3.27553       2.71906      0.414599      0.129911      0.196272    
  0.301612      0.192625      0.403900       7.51900       5.16155       3.19015       4.93007       37.7521    
   87.0022       5.37469      0.576888      9.608309E-02  0.401726       1.63255       13.3742       3.26045       2.71466      0.416725      0.130061      0.195834    
  0.303200      0.193713      0.397196       7.47407       5.14642       3.17042       4.89949       37.2439    
   85.7919       5.04969      0.575902      6.227608E-02  0.325496       1.57088       21.1214       3.02000       2.71216      0.462139      0.135797      0.190972    
  0.324273      0.209115      0.315465       6.93201       5.48624       3.19748       4.94267       29.1579    
   80.3901       6.68975      0.553941      6.866494E-02  0.375691       1.61949       14.1983       3.16130       2.73798      0.408751      0.120745      0.183454    
  0.350907      0.230021      0.356383       6.15527       4.47571       2.51476       3.88639       32.3026    
   76.8577       7.57893      0.541946      5.664875E-02  0.375847       1.64498       13.8429       3.16221       2.75312      0.392682      0.112410      0.174773    
  0.387947      0.260689      0.349952       5.34127       3.97295       2.07318       3.20481       30.6305    
   111.240       24.6499      0.623675      1.944758E-02  0.410162       1.89215       25.1146       3.64738       2.69933      0.347419      7.969882E-02  0.131562    
  0.620233      0.490404      0.309064       6.75356       4.12203       1.51027       2.35928       35.4603    
   71.5161       5.47364      0.562258      3.012854E-02  0.388383       1.73810       14.9887       3.33054       2.65965      0.371946      9.641451E-02  0.153938    
  0.489721      0.350472      0.332439       4.67784       3.30514       1.41271       2.19031       28.9638    
   66.4590       8.94170      0.523435      2.823983E-02  0.374308       1.77793       13.6579       3.21214       2.77897      0.346649      8.733818E-02  0.144698    
  0.553304      0.409115      0.321115       3.29765       2.94281       1.14404       1.77413       24.1436    
   65.5788       8.78058      0.524292      2.671026E-02  0.370369       1.80207       13.9628       3.21848       2.77257      0.341059      8.342248E-02  0.138776    
  0.591723      0.445230      0.311038       3.05436       2.90943       1.08538       1.68524       23.4753    
   65.4755       8.16697      0.529715      2.604512E-02  0.369327       1.80394       14.2352       3.22974       2.75183      0.342620      8.305754E-02  0.137571    
  0.600442      0.453782      0.306405       3.14332       2.91807       1.08328       1.68239       23.6119    
   65.4465       8.17763      0.529525      2.637785E-02  0.367362       1.79444       14.2542       3.22033       2.75444      0.344470      8.372571E-02  0.138318    
  0.596136      0.449802      0.305210       3.14975       2.91575       1.08943       1.69158       23.5581    
   65.4329       8.05991      0.530452      2.640593E-02  0.366262       1.78847       14.3111       3.21740       2.75174      0.346158      8.422765E-02  0.138781    
  0.593718      0.447660      0.303875       3.18610       2.91721       1.09430       1.69897       23.5702    
   65.3937       7.94183      0.530677      2.651988E-02  0.364316       1.78266       14.3942       3.21313       2.75010      0.348072      8.473702E-02  0.139169    
  0.592415      0.446898      0.300346       3.20647       2.91338       1.09146       1.69458       23.5728    
   65.2680       7.57207      0.530601      2.697544E-02  0.358019       1.76695       14.6689       3.20077       2.74788      0.353624      8.619796E-02  0.140041    
  0.592270      0.448437      0.286897       3.26684       2.89928       1.08151       1.67912       23.5617    
   65.0239       7.11614      0.528439      2.766365E-02  0.350781       1.75379       14.9502       3.19065       2.75174      0.359384      8.784085E-02  0.140680    
  0.598277      0.456759      0.266488       3.35138       2.87285       1.06334       1.65100       23.5066    
   64.2310       6.26865      0.517003      3.134336E-02  0.327847       1.72420       15.5834       3.15795       2.82000      0.373011      9.230663E-02  0.141799    
  0.625728      0.491183      0.210418       3.50139       2.80685       1.01545       1.57728       22.9651    
   62.5316       5.55077      0.496895      3.824613E-02  0.297947       1.70242       15.6738       3.14206       2.95404      0.386530      9.785574E-02  0.141932    
  0.671569      0.546344      0.154400       3.29284       2.78587      0.983412       1.52922       22.0854    
