       129
6326.000     7.5    2.853410605
6326.000    17.5    2.853410605
6326.000    22.5    2.853410605
6326.000    37.5    2.853410605
6326.000    47.5    2.853410605
6326.000    55.0    2.853410605
6326.000    75.0    2.853410605
6326.000    95.0    2.853410605
6326.000   125.0    2.418078454
6326.000   145.0    2.116241151
6326.000   175.0    1.941967992
6326.000   195.0    1.975844770
6346.400     7.5    2.826704062
6346.400    12.5    2.826704062
6346.400    27.5    2.826704062
6346.400    37.5    2.826704062
6346.400    47.5    2.826704062
6346.400    55.0    2.826704062
6346.400    75.0    2.826704062
6346.400    95.0    2.821109788
6346.400   125.0    2.738253113
6346.400   155.0    2.436460215
6369.400     7.5    2.834732082
6369.400    17.5    2.834732082
6369.400    22.5    2.834732082
6369.400    37.5    2.834732082
6369.400    47.5    2.834732082
6369.400    65.0    2.830972189
6369.400    75.0    2.813132965
6369.400   105.0    2.765337488
6369.400   125.0    2.708971812
6369.400   145.0    2.593887251
6369.400   175.0    2.296113300
6392.400     7.5    2.858985944
6392.400    17.5    2.858985944
6392.400    22.5    2.858985944
6392.400    37.5    2.858985944
6392.400    47.5    2.858985944
6392.400    55.0    2.858985944
6392.400    75.0    2.783222688
6392.400    95.0    2.722648288
6392.400   125.0    2.573700581
6392.400   145.0    2.387819233
6392.400   175.0    2.044511531
6447.400     7.5    2.966981060
6447.400    17.5    2.966981060
6447.400    37.5    2.958947265
6447.400    42.5    2.952578979
6447.400    75.0    2.878636754
6447.400   125.0    2.686062045
6447.400   155.0    2.544410414
6447.400   175.0    2.428319850
6465.900     7.5    3.015765408
6465.900    17.5    3.015765408
6465.900    27.5    3.015765408
6465.900    37.5    3.007728626
6465.900    47.5    2.987831179
6465.900    65.0    2.941165388
6465.900    75.0    2.909126605
6465.900   105.0    2.800939519
6465.900   125.0    2.722596966
6465.900   155.0    2.604474465
6465.900   175.0    2.517887318
6494.400     7.5    3.061803005
6494.400    17.5    3.061803005
6494.400    27.5    3.061803005
6494.400    37.5    3.061803005
6494.400    47.5    3.027588570
6494.400    65.0    2.933397973
6494.400    75.0    2.883712504
6494.400   105.0    2.740473908
6494.400   125.0    2.653511763
6494.400   155.0    2.514792320
6494.400   175.0    2.286321788
6521.400     7.5    3.055213431
6521.400    17.5    3.055213431
6521.400    27.5    3.055213431
6521.400    32.5    3.055213431
6521.400    42.5    3.055213431
6521.400    55.0    2.907432919
6521.400    75.0    2.731822560
6521.400   105.0    2.482243914
6521.400   125.0    2.240264243
6521.400   155.0    2.018553048
6521.400   175.0    1.978662059
6559.400     7.5    3.019636076
6559.400    17.5    3.019636076
6559.400    27.5    3.019636076
6559.400    37.5    3.019636076
6559.400    47.5    3.019636076
6559.400    65.0    2.855778471
6559.400    75.0    2.748191841
6559.400   105.0    2.425609905
6559.400   125.0    2.222252628
6559.400   155.0    2.047909890
6559.400   175.0    2.014791617
6594.400     7.5    2.993835223
6594.400    17.5    2.993835223
6594.400    27.5    2.993835223
6594.400    37.5    2.993835223
6594.400    47.5    2.993835223
6594.400    65.0    2.904800084
6594.400    75.0    2.810730682
6594.400    95.0    2.622761156
6594.400   125.0    2.342370878
6594.400   155.0    2.125721974
6594.400   175.0    2.053909082
6613.400     7.5    2.951319630
6613.400    17.5    2.951319630
6613.400    27.5    2.951319630
6613.400    37.5    2.951319630
6613.400    42.5    2.951319630
6613.400    65.0    2.951319630
6613.400    75.0    2.831049445
6613.400   105.0    2.535379237
6613.400   125.0    2.359607884
6613.400   155.0    2.150185181
6613.400   175.0    2.069600747
6644.400     7.5    2.854637687
6644.400    17.5    2.854637687
6644.400    22.5    2.854637687
6644.400    37.5    2.854637687
6644.400    47.5    2.854637687
6644.400    65.0    2.854637687
6644.400    75.0    2.854637687
6644.400   105.0    2.554689899
6644.400   125.0    2.375972085
6644.400   155.0    2.178460781
6644.400   175.0    2.081265034
