        24
6437.500     7.5    0.119872553
6437.500    22.5    0.118520720
6437.500    47.5    0.098536829
6437.500    75.0    0.064884549
6437.500   105.0    0.036974228
6437.500   125.0    0.022293434
6437.500   155.0    0.007452962
6437.500   175.0    0.002801269
6467.480     7.5    0.128542786
6467.480    22.5    0.127739998
6467.480    47.5    0.106654795
6467.480    75.0    0.066632596
6467.480   105.0    0.036874219
6467.480   125.0    0.021744516
6467.480   155.0    0.006335385
6467.480   175.0    0.002314774
6525.500     7.5    0.124240430
6525.500    22.5    0.123810660
6525.500    47.5    0.106395199
6525.500    75.0    0.062582695
6525.500   105.0    0.044228436
6525.500   125.0    0.022828594
6525.500   155.0    0.001664774
6525.500   175.0    0.000254779
