        66
6325.480     2.5    6.960292294
6325.480    22.5    6.993138747
6325.480    42.5    6.013370918
6325.480    75.0    3.477681326
6325.480    95.0    1.720141273
6325.480   125.0    1.248144570
6346.500     2.5    7.175111485
6346.500    22.5    7.318632982
6346.500    42.5    6.253705243
6346.500    75.0    3.373152846
6346.500    95.0    2.501747734
6346.500   125.0    1.004726231
6369.500     2.5    7.988801598
6369.500    22.5    8.033326493
6369.500    42.5    6.665078499
6369.500    75.0    4.064973594
6369.500    95.0    2.852039933
6369.500   125.0    1.245746572
6392.500     2.5    8.187762607
6392.500    22.5    8.421235726
6392.500    42.5    7.088475701
6392.500    75.0    4.408742204
6392.500    95.0    3.112611518
6392.500   125.0    1.613326849
6447.500     2.5    9.997978275
6447.500    22.5   10.026422739
6447.500    42.5    8.756052315
6447.500    75.0    5.006750529
6447.500    95.0    3.332781849
6447.500   125.0    1.427534317
6465.500     2.5   10.341194435
6465.500    22.5   10.321822424
6465.500    42.5    9.025299930
6465.500    75.0    5.045184184
6465.500    95.0    3.325124566
6465.500   125.0    1.434501777
6521.480     2.5    9.947200809
6521.480    22.5   10.194108962
6521.480    42.5    8.518567501
6521.480    75.0    4.892874003
6521.480    95.0    3.860952816
6521.480   125.0    1.922270149
6559.500     2.5    9.556095912
6559.500    22.5    9.606859827
6559.500    42.5    7.922757913
6559.500    75.0    4.449291772
6559.500    95.0    2.902695162
6559.500   125.0    1.323403641
6594.500     2.5    8.266201576
6594.500    22.5    8.298410179
6594.500    42.5    6.885803414
6594.500    75.0    3.886913446
6594.500    95.0    2.495764831
6594.500   125.0    0.998848585
6613.500     2.5    7.835940282
6613.500    22.5    7.763957948
6613.500    42.5    6.441683256
6613.500    75.0    3.599262355
6613.500    95.0    2.299380888
6613.500   125.0    0.878819591
6644.500     2.5    6.567263859
6644.500    22.5    6.583217418
6644.500    42.5    5.574669400
6644.500    75.0    2.956005842
6644.500    95.0    2.113168341
6644.500   125.0    0.756961311
