        84
6325.480     2.5    0.000887338
6325.480     7.5    0.000878467
6325.480    22.5    0.000821790
6325.480    42.5    0.000770966
6325.480    75.0    0.000454234
6325.480    95.0    0.000028621
6325.480   125.0    0.000013907
6346.500     2.5    0.001125081
6346.500     7.5    0.001124616
6346.500    22.5    0.001050195
6346.500    42.5    0.000938780
6346.500    75.0    0.000532131
6346.500    95.0    0.000113978
6346.500   125.0    0.000013442
6369.500     2.5    0.001615229
6369.500     7.5    0.001611239
6369.500    22.5    0.001491969
6369.500    42.5    0.001335527
6369.500    75.0    0.000412316
6369.500    95.0    0.000143645
6369.500   125.0    0.000019917
6391.500     2.5    0.001855046
6391.500     7.5    0.001850801
6391.500    22.5    0.001761229
6391.500    42.5    0.001546664
6391.500    75.0    0.000542827
6391.500    95.0    0.000176411
6391.500   125.0    0.000024007
6446.500     2.5    0.010577669
6446.500     7.5    0.010403123
6446.500    22.5    0.009521303
6446.500    42.5    0.004394273
6446.500    75.0    0.000898403
6446.500    95.0    0.000255139
6446.500   125.0    0.000028229
6464.500     2.5    0.015140041
6464.500     7.5    0.015018275
6464.500    22.5    0.013976596
6464.500    42.5    0.008618270
6464.500    75.0    0.001092154
6464.500    95.0    0.000296634
6464.500   125.0    0.000031825
6493.500     2.5    0.013541280
6493.500     7.5    0.013412131
6493.500    22.5    0.012670444
6493.500    42.5    0.010156369
6493.500    75.0    0.000934462
6493.500    95.0    0.000237186
6493.500   125.0    0.000026084
6520.500     2.5    0.009544951
6520.500     7.5    0.009484959
6520.500    22.5    0.008773899
6520.500    42.5    0.007148299
6520.500    75.0    0.000615614
6520.500    95.0    0.000177319
6520.500   125.0    0.000018263
6558.500     2.5    0.005835394
6558.500     7.5    0.005600721
6558.500    22.5    0.005196065
6558.500    42.5    0.004314971
6558.500    75.0    0.000465911
6558.500    95.0    0.000125428
6558.500   125.0    0.000019702
6592.500     2.5    0.003802137
6592.500     7.5    0.003800508
6592.500    22.5    0.003579322
6592.500    42.5    0.003150379
6592.500    75.0    0.000429852
6592.500    95.0    0.000106416
6592.500   125.0    0.000013767
6612.500     2.5    0.002426159
6612.500     2.5    0.002426159
6612.500    22.5    0.002279843
6612.500    42.5    0.002038396
6612.500    75.0    0.000378827
6612.500    95.0    0.000092094
6612.500   125.0    0.000012936
6643.500     2.5    0.001297451
6643.500     2.5    0.001297451
6643.500    22.5    0.001263221
6643.500    42.5    0.001132802
6643.500    75.0    0.000523026
6643.500    95.0    0.000085274
6643.500   125.0    0.000010642
