       379
6325.580     7.5    0.181823665
6325.580     7.5    0.181823665
6325.580     7.5    0.181823665
6325.580    27.5    0.181823665
6325.580    27.5    0.181823665
6325.580    22.5    0.181823665
6325.580    47.5    0.181823665
6325.580    47.5    0.181823665
6325.580    47.5    0.181823665
6325.580    75.0    0.181823665
6325.580    75.0    0.181823665
6325.580    75.0    0.181823665
6325.580    95.0    0.181823665
6325.580    95.0    0.181823665
6325.580   105.0    0.181823665
6325.580   125.0    0.233444962
6325.580   125.0    0.233444962
6325.580   125.0    0.233444962
6325.580   145.0    0.274146849
6325.480   175.0    0.214305584
6326.400     7.5    0.164297641
6326.400    27.5    0.164297641
6326.400    42.5    0.164297641
6326.400    55.0    0.164297641
6326.400    75.0    0.164297641
6326.400    85.0    0.164297641
6326.400    95.0    0.164297641
6326.400   115.0    0.177522960
6326.400   135.0    0.244121215
6326.400   155.0    0.258937351
6326.400   175.0    0.216482085
6346.290     7.5    0.141760833
6346.290    22.5    0.141760833
6346.290    47.5    0.141760833
6346.290    55.0    0.141760833
6346.290    75.0    0.141760833
6346.290    85.0    0.141760833
6346.290   105.0    0.131505798
6346.290   115.0    0.126778480
6346.290   125.0    0.122153897
6346.290   135.0    0.121610780
6346.290   145.0    0.125710866
6346.290   175.0    0.171117670
6346.500    12.5    0.153169669
6346.500     7.5    0.153169669
6346.500    12.5    0.153169669
6346.500    22.5    0.153169669
6346.500    22.5    0.153169669
6346.500    22.5    0.153169669
6346.500    47.5    0.153169669
6346.500    47.5    0.153169669
6346.500    47.5    0.153169669
6346.500    75.0    0.153169669
6346.500    75.0    0.153169669
6346.500    75.0    0.153169669
6346.500   105.0    0.139317527
6346.500   105.0    0.139317527
6346.500   125.0    0.128298861
6346.500   125.0    0.128298861
6346.500   125.0    0.128298861
6346.500   145.0    0.128583709
6346.500   175.0    0.171171467
6369.290    12.5    0.123076147
6369.290    27.5    0.123076147
6369.290    47.5    0.123076147
6369.290    65.0    0.134363552
6369.290    75.0    0.143887965
6369.290    85.0    0.144961581
6369.290   105.0    0.138000154
6369.290   115.0    0.133075805
6369.290   125.0    0.126768500
6369.290   135.0    0.120283219
6369.290   155.0    0.114705335
6369.290   175.0    0.126583814
6369.500     7.5    0.132715617
6369.500     7.5    0.132715617
6369.500     7.5    0.132715617
6369.500    22.5    0.132715617
6369.500    22.5    0.132715617
6369.500    22.5    0.132715617
6369.500    47.5    0.132715617
6369.500    47.5    0.132715617
6369.500    47.5    0.132715617
6369.500    75.0    0.153744411
6369.500    75.0    0.153744411
6369.500    75.0    0.153744411
6369.500   105.0    0.146975573
6369.500    95.0    0.151154560
6369.500    95.0    0.151154560
6369.500   125.0    0.134383883
6369.500   125.0    0.134383883
6369.500   125.0    0.134383883
6369.500   145.0    0.120049408
6369.500   175.0    0.128025130
6392.290    12.5    0.116232108
6392.290    27.5    0.116232108
6392.290    42.5    0.116232108
6392.290    65.0    0.151504189
6392.290    75.0    0.161485130
6392.290    85.0    0.163363350
6392.290   105.0    0.158178731
6392.290   115.0    0.155866259
6392.290   125.0    0.154834414
6392.290   135.0    0.155215181
6392.290   155.0    0.160621624
6392.290   165.0    0.161811147
6392.500     7.5    0.126682402
6392.500     7.5    0.126682402
6392.500     7.5    0.126682402
6392.500    27.5    0.126682402
6392.500    27.5    0.126682402
6392.500    27.5    0.126682402
6392.500    47.5    0.126682402
6392.500    47.5    0.126682402
6392.500    42.5    0.126682402
6392.500    75.0    0.172715656
6392.500    75.0    0.172715656
6392.500    75.0    0.172715656
6392.500   105.0    0.168604207
6392.500   105.0    0.168604207
6392.500   105.0    0.168604207
6392.500   125.0    0.165393752
6392.500   125.0    0.165393752
6392.500   125.0    0.165393752
6392.500   145.0    0.164186665
6392.500   175.0    0.159501608
6447.290    22.5    0.115287040
6447.290    42.5    0.154977115
6447.290    55.0    0.170703401
6447.290    75.0    0.177903320
6447.290    85.0    0.173688456
6447.290   105.0    0.158712720
6447.290   115.0    0.149994909
6447.290   125.0    0.140407830
6447.290   135.0    0.129784778
6447.290   155.0    0.112989152
6447.290   175.0    0.107243624
6447.500     7.5    0.117604781
6447.500     7.5    0.117604781
6447.500     7.5    0.117604781
6447.500    27.5    0.117604781
6447.500    27.5    0.117604781
6447.500    27.5    0.117604781
6447.500    47.5    0.171159376
6447.500    47.5    0.171159376
6447.500    47.5    0.171159376
6447.500    75.0    0.186504676
6447.500    75.0    0.186504676
6447.500    75.0    0.186504676
6447.500   105.0    0.167628792
6447.500   105.0    0.167628792
6447.500   105.0    0.167628792
6447.500   125.0    0.148773036
6447.500   125.0    0.148773036
6447.500   125.0    0.148773036
6447.500   155.0    0.115669605
6447.500   175.0    0.108098837
6448.190    95.0    0.170324792
6465.290     7.5    0.115406883
6465.290    22.5    0.115406883
6465.290    47.5    0.159884691
6465.290    55.0    0.169528536
6465.290    75.0    0.177213648
6465.290    85.0    0.173385019
6465.290   115.0    0.150477716
6465.290   125.0    0.140709480
6465.290   135.0    0.128906002
6465.290   145.0    0.116927042
6465.290   175.0    0.092170677
6465.580     7.5    0.125280041
6465.580     7.5    0.125280041
6465.580     7.5    0.125280041
6465.580    27.5    0.125280041
6465.580    27.5    0.125280041
6465.580    22.5    0.125280041
6465.580    47.5    0.180931507
6465.580    47.5    0.180931507
6465.580    47.5    0.180931507
6465.580    75.0    0.193979971
6465.580    75.0    0.193979971
6465.580    75.0    0.193979971
6465.580   105.0    0.173450121
6465.580   105.0    0.173450121
6465.580   105.0    0.173450121
6465.580   125.0    0.155162249
6465.580   125.0    0.155162249
6465.580   125.0    0.155162249
6465.580   155.0    0.111040062
6465.580   175.0    0.093914248
6494.290     7.5    0.123721192
6494.290    22.5    0.123721192
6494.290    42.5    0.123721192
6494.290    55.0    0.168658292
6494.290    75.0    0.178842529
6494.290    85.0    0.175743343
6494.290    95.0    0.169576274
6494.290   115.0    0.154182967
6494.290   125.0    0.144857392
6494.290   135.0    0.132955363
6494.290   145.0    0.120755021
6494.290   175.0    0.093096670
6494.580     7.5    0.137670783
6494.580     7.5    0.137670783
6494.580     7.5    0.137670783
6494.580    27.5    0.137670783
6494.580    27.5    0.137670783
6494.580    47.5    0.173310098
6494.580    47.5    0.173310098
6494.580    47.5    0.173310098
6494.580    75.0    0.195495483
6494.580    75.0    0.195495483
6494.580    75.0    0.195495483
6494.580   105.0    0.176832374
6494.580   105.0    0.176832374
6494.580   105.0    0.176832374
6494.580   125.0    0.159690537
6494.580   125.0    0.159690537
6494.500   125.0    0.153409352
6494.500   145.0    0.125170055
6494.500   175.0    0.094056270
6521.290    22.5    0.126438012
6521.290    47.5    0.153675269
6521.290    65.0    0.184339470
6521.290    75.0    0.196785569
6521.290    85.0    0.211484656
6521.290   105.0    0.216854461
6521.290   115.0    0.213650593
6521.290   125.0    0.201246280
6521.290   135.0    0.173260899
6521.290   145.0    0.143466258
6521.290   175.0    0.095876748
6521.480     7.5    0.131913327
6521.480     7.5    0.131913327
6521.480     7.5    0.131913327
6521.480    27.5    0.131913327
6521.480    27.5    0.131913327
6521.480    27.5    0.131913327
6521.480    42.5    0.131913327
6521.480    42.5    0.131913327
6521.480    42.5    0.131913327
6521.480    75.0    0.204480365
6521.480    75.0    0.204480365
6521.480    75.0    0.204480365
6521.480   105.0    0.227766342
6521.480   105.0    0.227766342
6521.480   105.0    0.227766342
6521.480   125.0    0.211547073
6521.480   125.0    0.211547073
6521.480   125.0    0.211547073
6521.480   155.0    0.121847892
6521.480   175.0    0.096618407
6559.290     7.5    0.113547870
6559.290    27.5    0.113547870
6559.290    47.5    0.113547870
6559.290    65.0    0.155085412
6559.290    75.0    0.157972160
6559.290    85.0    0.157405805
6559.290   105.0    0.160352065
6559.290   115.0    0.167879563
6559.290   125.0    0.175285003
6559.290   135.0    0.177580253
6559.290   155.0    0.166025946
6559.290   175.0    0.136379282
6559.500     7.5    0.125818811
6559.500     7.5    0.125818811
6559.500     7.5    0.125818811
6559.500    27.5    0.125818811
6559.500    27.5    0.125818811
6559.500    27.5    0.125818811
6559.500    47.5    0.125818811
6559.500    47.5    0.125818811
6559.500    47.5    0.125818811
6559.500    75.0    0.169408820
6559.500    75.0    0.169408820
6559.500    75.0    0.169408820
6559.500   105.0    0.170059289
6559.500   105.0    0.170059289
6559.500   105.0    0.170059289
6559.500   125.0    0.183956861
6559.500   125.0    0.183956861
6559.500   125.0    0.183956861
6559.500   155.0    0.170171395
6559.500   175.0    0.138205368
6594.290     7.5    0.111127151
6594.290    22.5    0.111127151
6594.290    47.5    0.111127151
6594.290    55.0    0.111127151
6594.290    75.0    0.144580317
6594.290    85.0    0.145039196
6594.290    95.0    0.143067448
6594.290   115.0    0.138209733
6594.290   125.0    0.135005290
6594.290   135.0    0.133258991
6594.290   155.0    0.133008663
6594.290   175.0    0.129332227
6594.500     7.5    0.126511177
6594.500     7.5    0.126511177
6594.500     7.5    0.126511177
6594.500    27.5    0.126511177
6594.500    27.5    0.126511177
6594.500    27.5    0.126511177
6594.500    47.5    0.126511177
6594.500    47.5    0.126511177
6594.500    47.5    0.126511177
6594.500    75.0    0.157450136
6594.500    75.0    0.157450136
6594.500    75.0    0.157450136
6594.500   105.0    0.150743355
6594.500   105.0    0.150743355
6594.500   105.0    0.150743355
6594.500   125.0    0.142868246
6594.500   125.0    0.142868246
6594.500   125.0    0.142868246
6594.500   155.0    0.136206175
6594.500   175.0    0.130852936
6613.290     7.5    0.118647497
6613.290    27.5    0.118647497
6613.290    42.5    0.118647497
6613.290    65.0    0.118647497
6613.290    75.0    0.132322685
6613.290    85.0    0.136889998
6613.290   105.0    0.137141661
6613.290   115.0    0.135087854
6613.290   125.0    0.131943297
6613.290   135.0    0.129554331
6613.290   155.0    0.127986219
6613.290   175.0    0.127090841
6613.500     7.5    0.133993434
6613.500     7.5    0.133993434
6613.500     7.5    0.133993434
6613.500    27.5    0.133993434
6613.500    22.5    0.133993434
6613.500    22.5    0.133993434
6613.500    47.5    0.133993434
6613.500    47.5    0.133993434
6613.500    47.5    0.133993434
6613.500    75.0    0.145003430
6613.500    75.0    0.145003430
6613.500    75.0    0.145003430
6613.500   105.0    0.146620587
6613.500   105.0    0.146620587
6613.500   105.0    0.146620587
6613.500   125.0    0.139334683
6613.500   125.0    0.139334683
6613.500   125.0    0.139334683
6613.500   155.0    0.130902705
6613.500   175.0    0.128443092
6644.290     7.5    0.124217794
6644.290    22.5    0.124217794
6644.290    42.5    0.124217794
6644.290    65.0    0.124217794
6644.290    75.0    0.124217794
6644.290    85.0    0.124217794
6644.290    95.0    0.130407173
6644.290   115.0    0.132526131
6644.290   125.0    0.130356158
6644.290   135.0    0.128177210
6644.290   155.0    0.125542374
6644.290   175.0    0.124848690
6644.500     7.5    0.138970133
6644.500     7.5    0.138970133
6644.500     7.5    0.138970133
6644.500    22.5    0.138970133
6644.500    22.5    0.138970133
6644.500    22.5    0.138970133
6644.500    42.5    0.138970133
6644.500    47.5    0.138970133
6644.500    42.5    0.138970133
6644.500    75.0    0.138970133
6644.500    75.0    0.138970133
6644.500    75.0    0.138970133
6644.500   105.0    0.141951807
6644.500   105.0    0.141951807
6644.500   105.0    0.141951807
6644.500   125.0    0.136737369
6644.500   125.0    0.136737369
6644.500   125.0    0.136737369
6644.500   155.0    0.127924727
6644.500   175.0    0.125923161
