       129
6326.000     7.5   33.419386868
6326.000    17.5   33.419386868
6326.000    22.5   33.419386868
6326.000    37.5   33.419386868
6326.000    47.5   33.419386868
6326.000    55.0   33.419386868
6326.000    75.0   33.419386868
6326.000    95.0   33.419386868
6326.000   125.0   25.371114500
6326.000   145.0   21.427879818
6326.000   175.0   19.667192373
6326.000   195.0   19.568719415
6346.400     7.5   32.885249109
6346.400    12.5   32.885249109
6346.400    27.5   32.885249109
6346.400    37.5   32.885249109
6346.400    47.5   32.885249109
6346.400    55.0   32.885249109
6346.400    75.0   32.885249109
6346.400    95.0   32.814618537
6346.400   125.0   31.485460689
6346.400   155.0   26.362737967
6369.400     7.5   32.723357931
6369.400    17.5   32.723357931
6369.400    22.5   32.723357931
6369.400    37.5   32.723357931
6369.400    47.5   32.723357931
6369.400    65.0   32.690841714
6369.400    75.0   32.557751053
6369.400   105.0   32.022744322
6369.400   125.0   31.128281042
6369.400   145.0   29.181221124
6369.400   175.0   24.347074173
6392.400     7.5   32.708559068
6392.400    17.5   32.708559068
6392.400    22.5   32.708559068
6392.400    37.5   32.708559068
6392.400    47.5   32.708559068
6392.400    55.0   32.708559068
6392.400    75.0   32.123180558
6392.400    95.0   31.386181367
6392.400   125.0   28.953339311
6392.400   145.0   25.917360839
6392.400   175.0   21.299760785
6447.400     7.5   33.086684813
6447.400    17.5   33.086684813
6447.400    37.5   33.043675739
6447.400    42.5   33.006257646
6447.400    75.0   32.490864937
6447.400   125.0   30.490076056
6447.400   155.0   28.500041001
6447.400   175.0   26.754460007
6465.900     7.5   33.398746866
6465.900    17.5   33.398746866
6465.900    27.5   33.398746866
6465.900    37.5   33.351743829
6465.900    47.5   33.229502332
6465.900    65.0   32.914849896
6465.900    75.0   32.678454366
6465.900   105.0   31.704508321
6465.900   125.0   30.819592002
6465.900   155.0   29.303972872
6465.900   175.0   28.035673003
6494.400     7.5   33.659384497
6494.400    17.5   33.659384497
6494.400    27.5   33.659384497
6494.400    37.5   33.659384497
6494.400    47.5   33.433867815
6494.400    65.0   32.771538096
6494.400    75.0   32.362868644
6494.400   105.0   30.859973939
6494.400   125.0   29.794712063
6494.400   155.0   27.651105562
6494.400   175.0   22.996827201
6521.400     7.5   33.487417952
6521.400    17.5   33.487417952
6521.400    27.5   33.487417952
6521.400    32.5   33.487417952
6521.400    42.5   33.487417952
6521.400    55.0   32.304252384
6521.400    75.0   30.581206808
6521.400   105.0   26.650036779
6521.400   125.0   22.020456075
6521.400   155.0   19.224405103
6521.400   175.0   19.290584226
6559.400     7.5   32.787221570
6559.400    17.5   32.787221570
6559.400    27.5   32.787221570
6559.400    37.5   32.787221570
6559.400    47.5   32.787221570
6559.400    65.0   31.164475537
6559.400    75.0   29.959173775
6559.400   105.0   25.291136752
6559.400   125.0   21.912391396
6559.400   155.0   19.595108697
6559.400   175.0   19.624548889
6594.400     7.5   32.213832366
6594.400    17.5   32.213832366
6594.400    27.5   32.213832366
6594.400    37.5   32.213832366
6594.400    47.5   32.213832366
6594.400    65.0   31.329328168
6594.400    75.0   30.324842003
6594.400    95.0   28.003010231
6594.400   125.0   23.839880331
6594.400   155.0   20.541705806
6594.400   175.0   19.720258978
6613.400     7.5   31.649507371
6613.400    17.5   31.649507371
6613.400    27.5   31.649507371
6613.400    37.5   31.649507371
6613.400    42.5   31.649507371
6613.400    65.0   31.649507371
6613.400    75.0   30.374009359
6613.400   105.0   26.681233077
6613.400   125.0   24.080180951
6613.400   155.0   20.893186395
6613.400   175.0   19.905352954
6644.400     7.5   30.432539773
6644.400    17.5   30.432539773
6644.400    22.5   30.432539773
6644.400    37.5   30.432539773
6644.400    47.5   30.432539773
6644.400    65.0   30.432539773
6644.400    75.0   30.432539773
6644.400   105.0   26.786768081
6644.400   125.0   24.304696951
6644.400   155.0   21.345564768
6644.400   175.0   20.165082602
