       129
6326.000     7.5    0.145659337
6326.000    17.5    0.145659337
6326.000    22.5    0.145659337
6326.000    37.5    0.145659337
6326.000    47.5    0.145659337
6326.000    55.0    0.145659337
6326.000    75.0    0.145659337
6326.000    95.0    0.145659337
6326.000   125.0    0.120912595
6326.000   145.0    0.100624786
6326.000   175.0    0.085653043
6326.000   195.0    0.085966887
6346.400     7.5    0.144045907
6346.400    12.5    0.144045907
6346.400    27.5    0.144045907
6346.400    37.5    0.144045907
6346.400    47.5    0.144045907
6346.400    55.0    0.144045907
6346.400    75.0    0.144045907
6346.400    95.0    0.143879787
6346.400   125.0    0.139914256
6346.400   155.0    0.122455019
6369.400     7.5    0.143825123
6369.400    17.5    0.143825123
6369.400    22.5    0.143825123
6369.400    37.5    0.143825123
6369.400    47.5    0.143825123
6369.400    65.0    0.143734537
6369.400    75.0    0.143257077
6369.400   105.0    0.141662996
6369.400   125.0    0.138875674
6369.400   145.0    0.132343203
6369.400   175.0    0.113884892
6392.400     7.5    0.144249931
6392.400    17.5    0.144249931
6392.400    22.5    0.144249931
6392.400    37.5    0.144249931
6392.400    47.5    0.144249931
6392.400    55.0    0.144249931
6392.400    75.0    0.142235165
6392.400    95.0    0.139965420
6392.400   125.0    0.131708475
6392.400   145.0    0.120074826
6392.400   175.0    0.099090594
6447.400     7.5    0.146715530
6447.400    17.5    0.146715530
6447.400    37.5    0.146600860
6447.400    42.5    0.146490865
6447.400    75.0    0.144923567
6447.400   125.0    0.139060392
6447.400   155.0    0.132093269
6447.400   175.0    0.125066701
6465.900     7.5    0.147981857
6465.900    17.5    0.147981857
6465.900    27.5    0.147981857
6465.900    37.5    0.147890389
6465.900    47.5    0.147630842
6465.900    65.0    0.146816432
6465.900    75.0    0.146127578
6465.900   105.0    0.143343838
6465.900   125.0    0.140799049
6465.900   155.0    0.135543049
6465.900   175.0    0.130626360
6494.400     7.5    0.149242306
6494.400    17.5    0.149242306
6494.400    27.5    0.149242306
6494.400    37.5    0.149242306
6494.400    47.5    0.148741262
6494.400    65.0    0.147217146
6494.400    75.0    0.146162855
6494.400   105.0    0.141939190
6494.400   125.0    0.138216721
6494.400   155.0    0.129574329
6494.400   175.0    0.113006621
6521.400     7.5    0.149256218
6521.400    17.5    0.149256218
6521.400    27.5    0.149256218
6521.400    32.5    0.149256218
6521.400    42.5    0.149256218
6521.400    55.0    0.146614914
6521.400    75.0    0.141703654
6521.400   105.0    0.127440789
6521.400   125.0    0.111383484
6521.400   155.0    0.101055049
6521.400   175.0    0.099903248
6559.400     7.5    0.147944721
6559.400    17.5    0.147944721
6559.400    27.5    0.147944721
6559.400    37.5    0.147944721
6559.400    47.5    0.147944721
6559.400    65.0    0.143950736
6559.400    75.0    0.140686446
6559.400   105.0    0.125899283
6559.400   125.0    0.113965549
6559.400   155.0    0.103283322
6559.400   175.0    0.100554726
6594.400     7.5    0.146694910
6594.400    17.5    0.146694910
6594.400    27.5    0.146694910
6594.400    37.5    0.146694910
6594.400    47.5    0.146694910
6594.400    65.0    0.144625716
6594.400    75.0    0.142227192
6594.400    95.0    0.136061377
6594.400   125.0    0.122520029
6594.400   155.0    0.109002340
6594.400   175.0    0.103496762
6613.400     7.5    0.145269213
6613.400    17.5    0.145269213
6613.400    27.5    0.145269213
6613.400    37.5    0.145269213
6613.400    42.5    0.145269213
6613.400    65.0    0.145269213
6613.400    75.0    0.142334571
6613.400   105.0    0.132552732
6613.400   125.0    0.123836113
6613.400   155.0    0.110670569
6613.400   175.0    0.104051953
6644.400     7.5    0.142218449
6644.400    17.5    0.142218449
6644.400    22.5    0.142218449
6644.400    37.5    0.142218449
6644.400    47.5    0.142218449
6644.400    65.0    0.142218449
6644.400    75.0    0.142218449
6644.400   105.0    0.132887699
6644.400   125.0    0.124889921
6644.400   155.0    0.112468743
6644.400   175.0    0.104176961
