        90
6325.580     7.5    0.415283922
6325.580    22.5    0.415283922
6325.580    47.5    0.415283922
6325.580    75.0    0.415283922
6325.580   105.0    0.415283922
6325.580   125.0    0.299429962
6325.480   175.0    0.091833935
6346.500    12.5    0.426801256
6346.500    22.5    0.426801256
6346.500    47.5    0.426801256
6346.500    75.0    0.426801256
6346.500   105.0    0.349508860
6346.500   125.0    0.275867125
6346.500   145.0    0.238314474
6346.500   175.0    0.221662216
6369.500     7.5    0.463891653
6369.500    22.5    0.463891653
6369.500    47.5    0.463891653
6369.500    75.0    0.387159019
6369.500    95.0    0.321203294
6369.500   125.0    0.240200702
6369.500   145.0    0.186185556
6369.500   175.0    0.142939062
6392.500     7.5    0.470578025
6392.500    27.5    0.470578025
6392.500    42.5    0.470578025
6392.500    75.0    0.367227066
6392.500   105.0    0.298729299
6392.500   125.0    0.246137435
6392.500   145.0    0.174790487
6392.500   175.0    0.102881026
6447.500     7.5    0.521097217
6447.500    27.5    0.521097217
6447.500    47.5    0.483198246
6447.500    75.0    0.397724223
6447.500   105.0    0.308837476
6447.500   125.0    0.252853343
6447.500   155.0    0.177961647
6447.500   175.0    0.152530241
6465.580     7.5    0.524347406
6465.580    22.5    0.524347406
6465.580    47.5    0.486351355
6465.580    75.0    0.391859251
6465.580   105.0    0.299737903
6465.580   125.0    0.242821026
6465.580   155.0    0.160400017
6465.580   175.0    0.123823699
6494.580    75.0    0.366361169
6494.580   105.0    0.274803265
6494.500   125.0    0.208963409
6494.500   145.0    0.136765228
6521.400     7.5    0.512122078
6521.400    27.5    0.512122078
6521.400    55.0    0.440635331
6521.400    85.0    0.357596084
6521.400   115.0    0.273722977
6521.400   155.0    0.049016733
6521.400   165.0    0.044713599
6521.400   175.0    0.042898296
6559.500     7.5    0.496215819
6559.500    27.5    0.496215819
6559.500    47.5    0.496215819
6559.500    75.0    0.372365498
6559.500   105.0    0.287427270
6559.500   125.0    0.257944650
6559.500   155.0    0.192869193
6559.500   175.0    0.105153957
6594.500     7.5    0.462947562
6594.500    27.5    0.462947562
6594.500    47.5    0.462947562
6594.500    75.0    0.351681957
6594.500   105.0    0.257549239
6594.500   125.0    0.198809644
6594.500   155.0    0.135395523
6594.500   175.0    0.108354687
6613.500     7.5    0.435998604
6613.500    22.5    0.435998604
6613.500    47.5    0.435998604
6613.500    75.0    0.358265517
6613.500   105.0    0.251925259
6613.500   125.0    0.197897086
6613.500   155.0    0.129305967
6613.500   175.0    0.096143770
6644.500     7.5    0.393016763
6644.500    22.5    0.393016763
6644.500    42.5    0.393016763
6644.500    75.0    0.393016763
6644.500   105.0    0.252722587
6644.500   125.0    0.193383837
6644.500   175.0    0.087922211
