       103
6326.190     7.5    0.013857875
6326.190    27.5    0.013857875
6326.190    47.5    0.013857875
6326.190    75.0    0.013857875
6326.190    95.0    0.013857875
6326.190   125.0    0.009340139
6326.190   155.0    0.005865329
6326.190   175.0    0.003426979
6326.190   195.0    0.002239000
6347.190     7.5    0.014740565
6347.190    22.5    0.014740565
6347.190    47.5    0.014740565
6347.190    75.0    0.014740565
6347.190    95.0    0.013309414
6347.190   125.0    0.010622919
6347.190   145.0    0.008621743
6347.190   175.0    0.005767828
6347.190   195.0    0.004193910
6368.900     7.5    0.016180541
6368.900    27.5    0.016180541
6368.900    42.5    0.016180541
6368.900    75.0    0.014478092
6368.900    95.0    0.013026975
6368.900   125.0    0.010358828
6368.900   155.0    0.007112179
6368.900   175.0    0.005207911
6368.900   195.0    0.003813874
6393.190     7.5    0.016325826
6393.190    22.5    0.016325826
6393.190    47.5    0.016325826
6393.190    75.0    0.014857555
6393.190   105.0    0.012557591
6393.190   125.0    0.010144469
6393.190   155.0    0.006154565
6393.190   175.0    0.004127292
6393.190   195.0    0.003262457
6448.190     7.5    0.017100170
6448.190    27.5    0.017100170
6448.190    42.5    0.017510044
6448.190    75.0    0.016189704
6448.190    95.0    0.014787462
6448.190   125.0    0.012462953
6448.190   155.0    0.009673008
6448.190   175.0    0.007892701
6466.190     7.5    0.017281861
6466.190    22.5    0.017281861
6466.190    42.5    0.017428202
6466.190    75.0    0.016414846
6466.190   105.0    0.014376614
6466.190   125.0    0.012556735
6466.190   145.0    0.010335521
6466.190   175.0    0.007622050
6466.190   195.0    0.006011247
6495.190     7.5    0.017393221
6495.190    22.5    0.017393221
6495.190    42.5    0.017393221
6495.190    75.0    0.016082590
6495.190    95.0    0.014547891
6495.190   125.0    0.010950433
6495.190   145.0    0.008225566
6495.190   175.0    0.005452397
6495.190   195.0    0.004862069
6522.190     7.5    0.017197761
6522.190    22.5    0.017197761
6522.190    42.5    0.017197761
6522.190    75.0    0.016136788
6522.190    95.0    0.014555538
6522.190   125.0    0.010082660
6522.190   145.0    0.006597129
6522.190   175.0    0.004129679
6560.190     7.5    0.016656663
6560.190    22.5    0.016656663
6560.190    42.5    0.016656663
6560.190    75.0    0.015245866
6560.190   105.0    0.013446505
6560.190   125.0    0.011620718
6560.190   155.0    0.007826659
6560.190   175.0    0.005818954
6595.190     7.5    0.015833134
6595.190    22.5    0.015833134
6595.190    47.5    0.015833134
6595.190    75.0    0.014378952
6595.190   105.0    0.012479805
6595.190   125.0    0.010571042
6595.190   145.0    0.008329708
6595.190   175.0    0.005203683
6614.190     7.5    0.015216130
6614.190    22.5    0.015216130
6614.190    47.5    0.015216130
6614.190    75.0    0.013907200
6614.190    95.0    0.012674745
6614.190   125.0    0.010100631
6614.190   155.0    0.006846945
6614.190   175.0    0.004970031
6645.190     7.5    0.014154811
6645.190    22.5    0.014154811
6645.190    47.5    0.014154811
6645.190    75.0    0.014154811
6645.190   105.0    0.011325794
6645.190   125.0    0.009356498
6645.190   145.0    0.007228120
6645.190   175.0    0.004483885
6645.190   195.0    0.003285445
