       101
6325.690     7.5    1.718081549
6325.690    27.5    1.718081549
6325.690    47.5    1.718081549
6325.690    75.0    1.718081549
6325.690   105.0    1.718081549
6325.690   125.0    1.212298971
6325.690   155.0    0.923886833
6325.690   175.0    0.728025511
6325.690   195.0    0.618277066
6347.080     7.5    1.637077274
6347.080    22.5    1.637077274
6347.080    42.5    1.637077274
6347.080    75.0    1.637077274
6347.080   105.0    1.374930154
6347.080   125.0    1.235676941
6347.080   145.0    1.094969549
6347.080   175.0    0.916388751
6368.790     7.5    1.937631904
6368.790    22.5    1.937631904
6368.790    42.5    1.937631904
6368.790    75.0    1.701588931
6368.790   105.0    1.486908437
6368.790   125.0    1.305570686
6368.790   155.0    1.035047152
6368.790   175.0    0.894138187
6393.000    27.5    1.833012524
6393.000    47.5    1.833012524
6393.000    75.0    1.732711943
6393.000   105.0    1.569383810
6393.000   125.0    1.382188695
6393.000   145.0    1.160367845
6393.000   175.0    0.870619467
6393.000   195.0    0.755924983
6447.980     7.5    1.847555635
6447.980    27.5    1.847555635
6447.980    47.5    2.045466281
6447.980    75.0    1.986850333
6447.980   105.0    1.783631784
6447.980   125.0    1.630551807
6447.980   155.0    1.390555886
6447.980   175.0    1.256311937
6447.980   195.0    1.118346267
6466.080     7.5    1.821514300
6466.080    27.5    1.821514300
6466.080    47.5    1.959842455
6466.080    75.0    2.011720789
6466.080   105.0    1.896018888
6466.080   125.0    1.737384286
6466.080   155.0    1.438723118
6466.080   175.0    1.281999270
6494.980     7.5    2.013013179
6494.980    27.5    2.013013179
6494.980    42.5    2.013013179
6494.980    75.0    2.047694586
6494.980   105.0    1.871174050
6494.980   125.0    1.667598149
6494.980   155.0    1.349757880
6494.980   175.0    1.203141324
6522.000     7.5    1.973207338
6522.000    27.5    1.973207338
6522.000    42.5    1.973207338
6522.000    75.0    2.093916147
6522.000   105.0    1.960596221
6522.000   125.0    1.687936295
6522.000   155.0    1.215905276
6522.000   175.0    1.030620349
6560.000     7.5    1.867495061
6560.000    27.5    1.867495061
6560.000    47.5    1.867495061
6560.000    75.0    1.808519278
6560.000   105.0    1.706336987
6560.000   125.0    1.624397207
6560.000   145.0    1.488278504
6560.000   175.0    1.297674638
6560.000   195.0    1.208077879
6595.000     7.5    1.770988002
6595.000    27.5    1.770988002
6595.000    47.5    1.770988002
6595.000    75.0    1.657315013
6595.000   105.0    1.538720826
6595.000   125.0    1.423972384
6595.000   155.0    1.214190359
6595.000   175.0    1.075884426
6595.000   195.0    0.966954347
6614.080     7.5    1.647910521
6614.080    27.5    1.647910521
6614.080    42.5    1.647910521
6614.080    75.0    1.515865592
6614.080   105.0    1.430678811
6614.080   125.0    1.325101453
6614.080   155.0    1.120097674
6614.080   175.0    1.000637213
6645.080     7.5    1.535111945
6645.080    27.5    1.535111945
6645.080    47.5    1.535111945
6645.080    75.0    1.535111945
6645.080   105.0    1.273445834
6645.080   125.0    1.156925693
6645.080   155.0    0.964436990
6645.080   175.0    0.859033629
6645.080   195.0    0.782110429
