        92
6325.580     7.5    0.080469775
6325.580    22.5    0.080469775
6325.580    47.5    0.080469775
6325.580    75.0    0.080469775
6325.580   105.0    0.080469775
6325.580   125.0    0.055617775
6325.580   145.0    0.048830504
6325.580   175.0    0.017408229
6346.500    12.5    0.079141436
6346.500    22.5    0.079141436
6346.500    47.5    0.079141436
6346.500    75.0    0.079141436
6346.500   105.0    0.048752248
6346.500   125.0    0.035734692
6346.500   145.0    0.026434901
6346.500   175.0    0.021628602
6369.500     7.5    0.087907205
6369.500    22.5    0.087907205
6369.500    47.5    0.087907205
6369.500    75.0    0.067708879
6369.500    95.0    0.054988489
6369.500   125.0    0.037046082
6369.500   145.0    0.024849549
6369.500   175.0    0.013962575
6392.500     7.5    0.088832770
6392.500    27.5    0.088832770
6392.500    42.5    0.088832770
6392.500    75.0    0.068272117
6392.500   105.0    0.053068145
6392.500   125.0    0.045005208
6392.500   145.0    0.033099870
6392.500   175.0    0.015716241
6447.500     7.5    0.094685140
6447.500    27.5    0.094685140
6447.500    47.5    0.089891865
6447.500    75.0    0.073188769
6447.500   105.0    0.051974102
6447.500   125.0    0.038437500
6447.500   155.0    0.019771353
6447.500   175.0    0.013137495
6465.580     7.5    0.099651669
6465.580    22.5    0.099651669
6465.580    47.5    0.095079733
6465.580    75.0    0.077094965
6465.580   105.0    0.054104443
6465.580   125.0    0.040581806
6465.580   155.0    0.019539091
6465.580   175.0    0.011316822
6494.580    75.0    0.072798862
6494.580   105.0    0.052348680
6494.580   125.0    0.040366743
6494.580   145.0    0.024270363
6494.580   175.0    0.008502400
6521.400     7.5    0.085084446
6521.400    27.5    0.085084446
6521.400    55.0    0.075991460
6521.400    85.0    0.061173689
6521.400   115.0    0.060334470
6521.400   155.0    0.015481905
6521.400   165.0    0.010119969
6521.400   175.0    0.007193466
6559.500     7.5    0.091288748
6559.500    27.5    0.091288748
6559.500    47.5    0.091288748
6559.500    75.0    0.068233867
6559.500   105.0    0.049686460
6559.500   125.0    0.041611892
6559.500   155.0    0.029861958
6559.500   175.0    0.017616266
6594.500     7.5    0.085204900
6594.500    27.5    0.085204900
6594.500    47.5    0.085204900
6594.500    75.0    0.063573938
6594.500   105.0    0.045101711
6594.500   125.0    0.033594839
6594.500   155.0    0.019724188
6594.500   175.0    0.013462688
6613.500     7.5    0.081731811
6613.500    22.5    0.081731811
6613.500    47.5    0.081731811
6613.500    75.0    0.062551644
6613.500   105.0    0.043323392
6613.500   125.0    0.032433639
6613.500   155.0    0.019197837
6613.500   175.0    0.013111522
6644.500     7.5    0.072407762
6644.500    22.5    0.072407762
6644.500    42.5    0.072407762
6644.500    75.0    0.072407762
6644.500   105.0    0.042067386
6644.500   125.0    0.030827644
6644.500   175.0    0.011973688
