       101
6325.690     7.5    0.284064054
6325.690    27.5    0.284064054
6325.690    47.5    0.284064054
6325.690    75.0    0.284064054
6325.690   105.0    0.284064054
6325.690   125.0    0.194022553
6325.690   155.0    0.139757593
6325.690   175.0    0.106506496
6325.690   195.0    0.088546116
6347.080     7.5    0.289887222
6347.080    22.5    0.289887222
6347.080    42.5    0.289887222
6347.080    75.0    0.289887222
6347.080   105.0    0.232129575
6347.080   125.0    0.202881232
6347.080   145.0    0.175300099
6347.080   175.0    0.140911248
6368.790     7.5    0.336514950
6368.790    22.5    0.336514950
6368.790    42.5    0.336514950
6368.790    75.0    0.290812435
6368.790   105.0    0.246064461
6368.790   125.0    0.210917820
6368.790   155.0    0.161111802
6368.790   175.0    0.135998138
6393.000    27.5    0.328712551
6393.000    47.5    0.328712551
6393.000    75.0    0.298805080
6393.000   105.0    0.259572742
6393.000   125.0    0.220653436
6393.000   145.0    0.178586101
6393.000   175.0    0.128447213
6393.000   195.0    0.110641514
6447.980     7.5    0.337789061
6447.980    27.5    0.337789061
6447.980    47.5    0.361171914
6447.980    75.0    0.338375755
6447.980   105.0    0.293359935
6447.980   125.0    0.261963695
6447.980   155.0    0.216979458
6447.980   175.0    0.192949646
6447.980   195.0    0.167877896
6466.080     7.5    0.330983568
6466.080    27.5    0.330983568
6466.080    47.5    0.346208005
6466.080    75.0    0.339953331
6466.080   105.0    0.307989980
6466.080   125.0    0.275756811
6466.080   155.0    0.221582432
6466.080   175.0    0.194781312
6494.980     7.5    0.358729797
6494.980    27.5    0.358729797
6494.980    42.5    0.358729797
6494.980    75.0    0.344095819
6494.980   105.0    0.301354732
6494.980   125.0    0.260247744
6494.980   155.0    0.201790470
6494.980   175.0    0.177010242
6522.000     7.5    0.353119810
6522.000    27.5    0.353119810
6522.000    42.5    0.353119810
6522.000    75.0    0.351691713
6522.000   105.0    0.315403275
6522.000   125.0    0.259102010
6522.000   155.0    0.177559548
6522.000   175.0    0.148961362
6560.000     7.5    0.335450337
6560.000    27.5    0.335450337
6560.000    47.5    0.335450337
6560.000    75.0    0.307800014
6560.000   105.0    0.278981305
6560.000   125.0    0.258461850
6560.000   145.0    0.228413138
6560.000   175.0    0.190626341
6560.000   195.0    0.174475651
6595.000     7.5    0.315258524
6595.000    27.5    0.315258524
6595.000    47.5    0.315258524
6595.000    75.0    0.282443861
6595.000   105.0    0.251190984
6595.000   125.0    0.225554270
6595.000   155.0    0.183987324
6595.000   175.0    0.158648128
6595.000   195.0    0.139739409
6614.080     7.5    0.292369712
6614.080    27.5    0.292369712
6614.080    42.5    0.292369712
6614.080    75.0    0.260480947
6614.080   105.0    0.234249803
6614.080   125.0    0.210441802
6614.080   155.0    0.170233550
6614.080   175.0    0.147820361
6645.080     7.5    0.270077368
6645.080    27.5    0.270077368
6645.080    47.5    0.270077368
6645.080    75.0    0.270077368
6645.080   105.0    0.211113441
6645.080   125.0    0.185568221
6645.080   155.0    0.147594078
6645.080   175.0    0.127634955
6645.080   195.0    0.113523617
