rm -f *.o *.oo *.mod driver adjoint_driver test_adjoint hessian_driver opt_driver
ifort -fast -r8  -I/usr/local/netcdf-3.6.2/include -c   ../framework/const.f90
ifort -fast -r8  -I/usr/local/netcdf-3.6.2/include -c   eco_params.f90
ifort -fast -r8  -I/usr/local/netcdf-3.6.2/include -c   ../framework/common_mod.f90
ifort -fast -r8  -I/usr/local/netcdf-3.6.2/include -c   ../framework/grid.f90
ifort -fast -r8  -I/usr/local/netcdf-3.6.2/include -c   ../framework/forcing.f90
ifort -fast -r8  -I/usr/local/netcdf-3.6.2/include -c   ../framework/cost.f90
ifort -fast -r8  -I/usr/local/netcdf-3.6.2/include -c   ../framework/types.f90
ifort -fast -r8  -I/usr/local/netcdf-3.6.2/include -c   eco_common.f90
ifort -fast -r8  -I/usr/local/netcdf-3.6.2/include -c   ../framework/io.f90
ifort -fast -r8  -I/usr/local/netcdf-3.6.2/include -c   derivs_mod.f90
ifort -fast -r8  -I/usr/local/netcdf-3.6.2/include -c   ../framework/light.f90
ifort -fast -r8  -I/usr/local/netcdf-3.6.2/include -c   eco_derivs.f90
ifort -fast -r8  -I/usr/local/netcdf-3.6.2/include -c   ../framework/numeric_subs.f90
ifort -fast -r8  -I/usr/local/netcdf-3.6.2/include -c   ../framework/physderivs_mod.f90
ifort -fast -r8  -I/usr/local/netcdf-3.6.2/include -c   ../framework/model_mod.f90
ifort -fast -r8  -I/usr/local/netcdf-3.6.2/include -c   ../framework/driver.f90
ifort -r8  -o driver driver.o common_mod.o		cost.o derivs_mod.o 		eco_common.o		eco_derivs.o eco_params.o		forcing.o		grid.o io.o					light.o model_mod.o		numeric_subs.o		physderivs_mod.o types.o -L/usr/local/netcdf-3.6.2/lib -lnetcdf
ipo: remark #11000: performing multi-file optimizations
ipo-1: remark #11006: generating object file /tmp/ipo_ifortZcESOl1.o
ipo-2: remark #11006: generating object file /tmp/ipo_ifortZcESOl2.o
ipo-3: remark #11006: generating object file /tmp/ipo_ifortZcESOl3.o
ipo-4: remark #11006: generating object file /tmp/ipo_ifortZcESOl4.o
ifort -fast -r8  -I/usr/local/netcdf-3.6.2/include -c   ../framework/adj_common.f90
ifort -fast -r8  -I/usr/local/netcdf-3.6.2/include -c   ../framework/adcost.f90
ifort -fast -r8  -I/usr/local/netcdf-3.6.2/include -c   adeco_common.f90
ifort -fast -r8  -I/usr/local/netcdf-3.6.2/include -c   ../framework/adBuffer.f
../framework/adBuffer.f(1356): remark #8291: Recommended relationship between field width 'W' and the number of fractional digits 'D' in this edit descriptor is 'W>=D+7'.
1012  format(a,i3,a,512(e8.2))
-------------------------^
cc -c   ../framework/adStack.c
ifort -fast -r8  -I/usr/local/netcdf-3.6.2/include -c   adderivs_mod.f90
ifort -fast -r8  -I/usr/local/netcdf-3.6.2/include -c   ../framework/adlight.f90
ifort -fast -r8  -I/usr/local/netcdf-3.6.2/include -c   adeco_derivs.f90
ifort -fast -r8  -I/usr/local/netcdf-3.6.2/include -c   ../framework/adnumeric_subs.f90
ifort -fast -r8  -I/usr/local/netcdf-3.6.2/include -c   ../framework/adphysderivs_mod.f90
ifort -fast -r8  -I/usr/local/netcdf-3.6.2/include -c   ../framework/admodel_mod.f90
ifort -fast -r8  -I/usr/local/netcdf-3.6.2/include -c   ../framework/hessian_mod.f90
ifort -fast -r8  -I/usr/local/netcdf-3.6.2/include -c   ../framework/m1qn3_mod.f
ifort -fast -r8  -I/usr/local/netcdf-3.6.2/include -c   ../framework/adjoint_driver.f90
ifort -r8  -o adjoint_driver adjoint_driver.o common_mod.o		cost.o derivs_mod.o 		eco_common.o		eco_derivs.o eco_params.o		forcing.o		grid.o io.o					light.o model_mod.o		numeric_subs.o		physderivs_mod.o types.o adcost.o		adderivs_mod.o		adeco_common.o adeco_derivs.o		adj_common.o adlight.o		admodel_mod.o		adnumeric_subs.o adphysderivs_mod.o	hessian_mod.o		m1qn3_mod.o adBuffer.o		adStack.o -L/usr/local/netcdf-3.6.2/lib -lnetcdf
ipo: remark #11000: performing multi-file optimizations
ipo-1: remark #11006: generating object file /tmp/ipo_ifortBJnuNf1.o
ipo-2: remark #11006: generating object file /tmp/ipo_ifortBJnuNf2.o
ipo-3: remark #11006: generating object file /tmp/ipo_ifortBJnuNf3.o
ipo-4: remark #11006: generating object file /tmp/ipo_ifortBJnuNf4.o
ifort -fast -r8  -I/usr/local/netcdf-3.6.2/include -c   ../framework/adjoint_test.f90
ifort -r8  -o test_adjoint adjoint_test.o common_mod.o		cost.o derivs_mod.o 		eco_common.o		eco_derivs.o eco_params.o		forcing.o		grid.o io.o					light.o model_mod.o		numeric_subs.o		physderivs_mod.o types.o adcost.o		adderivs_mod.o		adeco_common.o adeco_derivs.o		adj_common.o adlight.o		admodel_mod.o		adnumeric_subs.o adphysderivs_mod.o	hessian_mod.o		m1qn3_mod.o adBuffer.o		adStack.o -L/usr/local/netcdf-3.6.2/lib -lnetcdf
ipo: remark #11000: performing multi-file optimizations
ipo-1: remark #11006: generating object file /tmp/ipo_ifortGKt4CQ1.o
ipo-2: remark #11006: generating object file /tmp/ipo_ifortGKt4CQ2.o
ipo-3: remark #11006: generating object file /tmp/ipo_ifortGKt4CQ3.o
ipo-4: remark #11006: generating object file /tmp/ipo_ifortGKt4CQ4.o
ifort -fast -r8  -I/usr/local/netcdf-3.6.2/include -c   ../framework/hessian_driver.f90
ifort -r8  -o hessian_driver hessian_driver.o common_mod.o		cost.o derivs_mod.o 		eco_common.o		eco_derivs.o eco_params.o		forcing.o		grid.o io.o					light.o model_mod.o		numeric_subs.o		physderivs_mod.o types.o adcost.o		adderivs_mod.o		adeco_common.o adeco_derivs.o		adj_common.o adlight.o		admodel_mod.o		adnumeric_subs.o adphysderivs_mod.o	hessian_mod.o		m1qn3_mod.o adBuffer.o		adStack.o -L/usr/local/netcdf-3.6.2/lib -lnetcdf
ipo: remark #11000: performing multi-file optimizations
ipo-1: remark #11006: generating object file /tmp/ipo_ifort2PQRMA1.o
ipo-2: remark #11006: generating object file /tmp/ipo_ifort2PQRMA2.o
ipo-3: remark #11006: generating object file /tmp/ipo_ifort2PQRMA3.o
ipo-4: remark #11006: generating object file /tmp/ipo_ifort2PQRMA4.o
ifort -fast -r8  -I/usr/local/netcdf-3.6.2/include -c   ../framework/newuoa_mod.for
ifort -fast -r8  -I/usr/local/netcdf-3.6.2/include -c   ../framework/opt_common.f90
ifort -fast -r8  -I/usr/local/netcdf-3.6.2/include -c   ../framework/opt_driver.f90
ifort -r8  -o opt_driver opt_driver.o common_mod.o		cost.o derivs_mod.o 		eco_common.o		eco_derivs.o eco_params.o		forcing.o		grid.o io.o					light.o model_mod.o		numeric_subs.o		physderivs_mod.o types.o		newuoa_mod.o		opt_common.o -L/usr/local/netcdf-3.6.2/lib -lnetcdf
ipo: remark #11000: performing multi-file optimizations
ipo-1: remark #11006: generating object file /tmp/ipo_ifortZfr1CD1.o
ipo-2: remark #11006: generating object file /tmp/ipo_ifortZfr1CD2.o
ipo-3: remark #11006: generating object file /tmp/ipo_ifortZfr1CD3.o
ipo-4: remark #11006: generating object file /tmp/ipo_ifortZfr1CD4.o
